--------------------------------------------------
---- Marvellous Platform Surveillance System -----
Log created at : Sun Feb  8 01:03:47 2026
--------------------------------------------------

----------------- System Report ------------------
CPU Usage : 33.8 %
--------------------------------------------------
RAM usage : 85.0 %
--------------------------------------------------

Disk Usage Report
--------------------------------------------------
C:\ -> 98.7 % used
D:\ -> 14.2 % used
--------------------------------------------------

Netwrk Usage Report
Sent : 12.43 MB
Recv : 47.91 MB
--------------------------------------------------
--------------------------------------------------
----------------- End of Log File ----------------
--------------------------------------------------
