--------------------------------------------------
---- Marvellous Platform Surveillance System -----
Log created at : Sun Feb  8 01:07:06 2026
--------------------------------------------------

----------------- System Report ------------------
CPU Usage : 35.0 %
--------------------------------------------------
RAM usage : 85.6 %
--------------------------------------------------

Disk Usage Report
--------------------------------------------------
C:\ -> 98.7 % used
D:\ -> 14.2 % used
--------------------------------------------------

Netwrk Usage Report
Sent : 12.75 MB
Recv : 48.23 MB
--------------------------------------------------
--------------------------------------------------
----------------- End of Log File ----------------
--------------------------------------------------
