--------------------------------------------------
---- Marvellous Platform Surveillance System -----
Log created at : Sun Feb  8 01:06:06 2026
--------------------------------------------------

----------------- System Report ------------------
CPU Usage : 37.4 %
--------------------------------------------------
RAM usage : 87.3 %
--------------------------------------------------

Disk Usage Report
--------------------------------------------------
C:\ -> 98.7 % used
D:\ -> 14.2 % used
--------------------------------------------------

Netwrk Usage Report
Sent : 12.66 MB
Recv : 48.16 MB
--------------------------------------------------
--------------------------------------------------
----------------- End of Log File ----------------
--------------------------------------------------
