--------------------------------------------------
---- Marvellous Platform Surveillance System -----
Log created at : Sun Feb  8 01:02:47 2026
--------------------------------------------------

----------------- System Report ------------------
CPU Usage : 32.6 %
--------------------------------------------------
RAM usage : 84.8 %
--------------------------------------------------

Disk Usage Report
--------------------------------------------------
C:\ -> 98.7 % used
D:\ -> 14.2 % used
--------------------------------------------------

Netwrk Usage Report
Sent : 12.38 MB
Recv : 47.81 MB
--------------------------------------------------
--------------------------------------------------
----------------- End of Log File ----------------
--------------------------------------------------
